// Jest Snapshot v1, https://goo.gl/fbAQLP

exports[`calls remove correctly 1`] = `
<div
  className="box"
>
  <div
    className="field"
  >
    <div
      className="control"
    >
      test task
    </div>
  </div>
  <div
    className="field is-grouped"
  >
    <div
      className="control"
    >
      <button
        className="button"
        onClick={[Function]}
      >
        <span
          className="icon"
        >
          <i
            className="fa fa-check"
          />
        </span>
      </button>
    </div>
    <div
      className="control"
    >
      <button
        className="button"
        onClick={[Function]}
      >
        <span
          className="icon"
        >
          <i
            className="fa fa-times"
          />
        </span>
      </button>
    </div>
  </div>
</div>
`;

exports[`calls save correctly on done click 1`] = `
<div
  className="box"
>
  <div
    className="field"
  >
    <div
      className="control"
    >
      test task
    </div>
  </div>
  <div
    className="field is-grouped"
  >
    <div
      className="control"
    >
      <button
        className="button"
        onClick={[Function]}
      >
        <span
          className="icon"
        >
          <i
            className="fa fa-check"
          />
        </span>
      </button>
    </div>
    <div
      className="control"
    >
      <button
        className="button"
        onClick={[Function]}
      >
        <span
          className="icon"
        >
          <i
            className="fa fa-times"
          />
        </span>
      </button>
    </div>
  </div>
</div>
`;

exports[`renders correctly 1`] = `
<div
  className="box"
>
  <div
    className="field"
  >
    <div
      className="control"
    >
      test task
    </div>
  </div>
  <div
    className="field is-grouped"
  >
    <div
      className="control"
    >
      <button
        className="button"
        onClick={[Function]}
      >
        <span
          className="icon"
        >
          <i
            className="fa fa-check"
          />
        </span>
      </button>
    </div>
    <div
      className="control"
    >
      <button
        className="button"
        onClick={[Function]}
      >
        <span
          className="icon"
        >
          <i
            className="fa fa-times"
          />
        </span>
      </button>
    </div>
  </div>
</div>
`;
